
> bizintel-ai-frontend@0.0.0 build
> tsc && vite build

src/App.tsx(1,1): error TS6133: 'React' is declared but its value is never read.
src/components/ProtectedRoute.tsx(1,1): error TS6133: 'React' is declared but its value is never read.
src/context/AuthContext.tsx(1,8): error TS6133: 'React' is declared but its value is never read.
src/pages/Agents.tsx(2,52): error TS6133: 'CardContent' is declared but its value is never read.
src/pages/Agents.tsx(2,130): error TS6133: 'Chip' is declared but its value is never read.
src/pages/Dashboard.tsx(1,8): error TS6133: 'React' is declared but its value is never read.
src/pages/Dashboard.tsx(11,13): error TS6133: 'user' is declared but its value is never read.
src/pages/Login.tsx(4,10): error TS6133: 'Box' is declared but its value is never read.
src/pages/Login.tsx(9,11): error TS6133: 'navigate' is declared but its value is never read.
src/services/supabase.ts(3,33): error TS2339: Property 'env' does not exist on type 'ImportMeta'.
src/services/supabase.ts(4,37): error TS2339: Property 'env' does not exist on type 'ImportMeta'.
